// Jest Snapshot v1, https://jestjs.io/docs/snapshot-testing

exports[`transform-jsx-conditional 1. transforms simple IF conditional in JSX: 1. transforms simple IF conditional in JSX 1`] = `

const show = true; <div>{IF(show)(<span>Visible</span>)}</div>;

      ↓ ↓ ↓ ↓ ↓ ↓

const show = true;
Cosmq.registerElement("div", {}, [Cosmq.conditional([show], [{
  "__condition__": () => show,
  "body": () => (Cosmq.registerElement("span", {}, ["Visible"]))
}])]);

`;

exports[`transform-jsx-conditional 2. transforms IF and ELSE conditional: 2. transforms IF and ELSE conditional 1`] = `


const isLoggedIn = false;
<div>
  {IF(isLoggedIn)(<span>Welcome back!</span>)}
  {ELSE()(<span>Please log in.</span>)}
</div>;
      

      ↓ ↓ ↓ ↓ ↓ ↓

const isLoggedIn = false;
Cosmq.registerElement("div", {}, [Cosmq.conditional([isLoggedIn], [{
  "__condition__": () => isLoggedIn,
  "body": () => (Cosmq.registerElement("span", {}, ["Welcome back!"]))
}, {
  "__condition__": () => true,
  "body": () => (Cosmq.registerElement("span", {}, ["Please log in."]))
}])]);

`;

exports[`transform-jsx-conditional 3. transforms IF, ELSEIF, and ELSE conditional chain: 3. transforms IF, ELSEIF, and ELSE conditional chain 1`] = `


const status = "loading";
<div>
  {IF(status === "loading")(<span>Loading...</span>)}
  {ELSEIF(status === "error")(<span>Error occurred!</span>)}
  {ELSE()(<span>Ready</span>)}
</div>;
      

      ↓ ↓ ↓ ↓ ↓ ↓

const status = "loading";
Cosmq.registerElement("div", {}, [Cosmq.conditional([status], [{
  "__condition__": () => status === "loading",
  "body": () => (Cosmq.registerElement("span", {}, ["Loading..."]))
}, {
  "__condition__": () => status === "error",
  "body": () => (Cosmq.registerElement("span", {}, ["Error occurred!"]))
}, {
  "__condition__": () => true,
  "body": () => (Cosmq.registerElement("span", {}, ["Ready"]))
}])]);

`;

exports[`transform-jsx-conditional 4. collects multiple observable dependencies in condition: 4. collects multiple observable dependencies in condition 1`] = `


const isReady = true;
const count = 5;
<div>
  {IF(isReady && count > 0)(<div>Active with items</div>)}
</div>;
      

      ↓ ↓ ↓ ↓ ↓ ↓

const isReady = true;
const count = 5;
Cosmq.registerElement("div", {}, [Cosmq.conditional([isReady, count], [{
  "__condition__": () => isReady && count > 0,
  "body": () => (Cosmq.registerElement("div", {}, ["Active with items"]))
}])]);

`;

exports[`transform-jsx-conditional 5. handles multiple independent conditional blocks in same element: 5. handles multiple independent conditional blocks in same element 1`] = `


const a = true;
const b = false;
<div>
  {IF(a)(<span>A</span>)}
  <hr />
  {IF(b)(<span>B</span>)}
  {ELSE()(<span>Not B</span>)}
</div>;
      

      ↓ ↓ ↓ ↓ ↓ ↓

const a = true;
const b = false;
Cosmq.registerElement("div", {}, [Cosmq.conditional([a], [{
  "__condition__": () => a,
  "body": () => (Cosmq.registerElement("span", {}, ["A"]))
}]), Cosmq.registerElement("hr", {}, []), Cosmq.conditional([b], [{
  "__condition__": () => b,
  "body": () => (Cosmq.registerElement("span", {}, ["B"]))
}, {
  "__condition__": () => true,
  "body": () => (Cosmq.registerElement("span", {}, ["Not B"]))
}])]);

`;
